/Users/runner/work/crossbow/crossbow/arrow/cpp/src/arrow/util/cpu_info.cc:181: IOError: sysctlbyname failed for 'hw.l1dcachesize'. Detail: [errno 1] Operation not permitted
/Users/runner/work/crossbow/crossbow/arrow/cpp/src/arrow/util/cpu_info.cc:181: IOError: sysctlbyname failed for 'hw.l2cachesize'. Detail: [errno 1] Operation not permitted
/Users/runner/work/crossbow/crossbow/arrow/cpp/src/arrow/util/cpu_info.cc:181: IOError: sysctlbyname failed for 'hw.l3cachesize'. Detail: [errno 1] Operation not permitted
Loading fixed data for supplementary experiments
/Users/skandamp/Desktop/Eidolon Sentinel-NET/.venv/lib/python3.12/site-packages/sklearn/impute/_base.py:647: UserWarning: Skipping features without any observed values: [15 16 17 18 23 33 44 48 49 50 51]. At least one non-missing value is needed for imputation with strategy='median'.
  warnings.warn(
/Users/skandamp/Desktop/Eidolon Sentinel-NET/.venv/lib/python3.12/site-packages/sklearn/impute/_base.py:647: UserWarning: Skipping features without any observed values: [15 16 17 18 23 33 44 48 49 50 51]. At least one non-missing value is needed for imputation with strategy='median'.
  warnings.warn(
Novelty c2 saved
/Users/skandamp/Desktop/Eidolon Sentinel-NET/.venv/lib/python3.12/site-packages/sklearn/impute/_base.py:647: UserWarning: Skipping features without any observed values: [15 16 17 18 23 33 44 48 49 50 51]. At least one non-missing value is needed for imputation with strategy='median'.
  warnings.warn(
/Users/skandamp/Desktop/Eidolon Sentinel-NET/.venv/lib/python3.12/site-packages/sklearn/impute/_base.py:647: UserWarning: Skipping features without any observed values: [15 16 17 18 23 33 44 48 49 50 51]. At least one non-missing value is needed for imputation with strategy='median'.
  warnings.warn(
/Users/skandamp/Desktop/Eidolon Sentinel-NET/.venv/lib/python3.12/site-packages/sklearn/impute/_base.py:647: UserWarning: Skipping features without any observed values: [15 16 17 18 23 33 44 48 49 50 51]. At least one non-missing value is needed for imputation with strategy='median'.
  warnings.warn(
/Users/skandamp/Desktop/Eidolon Sentinel-NET/.venv/lib/python3.12/site-packages/sklearn/impute/_base.py:647: UserWarning: Skipping features without any observed values: [15 16 17 18 23 33 44 48 49 50 51]. At least one non-missing value is needed for imputation with strategy='median'.
  warnings.warn(
Novelty ddos saved
One-way full TEST
/Users/skandamp/Desktop/Eidolon Sentinel-NET/.venv/lib/python3.12/site-packages/sklearn/impute/_base.py:647: UserWarning: Skipping features without any observed values: [15 16 17 18 23 33 44 48 49 50 51]. At least one non-missing value is needed for imputation with strategy='median'.
  warnings.warn(
/Users/skandamp/Desktop/Eidolon Sentinel-NET/.venv/lib/python3.12/site-packages/sklearn/impute/_base.py:647: UserWarning: Skipping features without any observed values: [15 16 17 18 23 33 44 48 49 50 51]. At least one non-missing value is needed for imputation with strategy='median'.
  warnings.warn(
/Users/skandamp/Desktop/Eidolon Sentinel-NET/.venv/lib/python3.12/site-packages/sklearn/impute/_base.py:647: UserWarning: Skipping features without any observed values: [15 16 17 18 23 33 44 48 49 50 51]. At least one non-missing value is needed for imputation with strategy='median'.
  warnings.warn(
/Users/skandamp/Desktop/Eidolon Sentinel-NET/.venv/lib/python3.12/site-packages/sklearn/impute/_base.py:647: UserWarning: Skipping features without any observed values: [15 16 17 18 23 33 44 48 49 50 51]. At least one non-missing value is needed for imputation with strategy='median'.
  warnings.warn(
Robustness timing_jitter saved
/Users/skandamp/Desktop/Eidolon Sentinel-NET/.venv/lib/python3.12/site-packages/sklearn/impute/_base.py:647: UserWarning: Skipping features without any observed values: [15 16 17 18 23 33 44 48 49 50 51]. At least one non-missing value is needed for imputation with strategy='median'.
  warnings.warn(
/Users/skandamp/Desktop/Eidolon Sentinel-NET/.venv/lib/python3.12/site-packages/sklearn/impute/_base.py:647: UserWarning: Skipping features without any observed values: [15 16 17 18 23 33 44 48 49 50 51]. At least one non-missing value is needed for imputation with strategy='median'.
  warnings.warn(
Robustness packet_size_noise saved
/Users/skandamp/Desktop/Eidolon Sentinel-NET/.venv/lib/python3.12/site-packages/sklearn/impute/_base.py:647: UserWarning: Skipping features without any observed values: [15 16 17 18 23 33 44 48 49 50 51]. At least one non-missing value is needed for imputation with strategy='median'.
  warnings.warn(
/Users/skandamp/Desktop/Eidolon Sentinel-NET/.venv/lib/python3.12/site-packages/sklearn/impute/_base.py:647: UserWarning: Skipping features without any observed values: [15 16 17 18 23 33 44 48 49 50 51]. At least one non-missing value is needed for imputation with strategy='median'.
  warnings.warn(
Robustness duration_perturbation saved
/Users/skandamp/Desktop/Eidolon Sentinel-NET/.venv/lib/python3.12/site-packages/sklearn/impute/_base.py:647: UserWarning: Skipping features without any observed values: [15 16 17 18 23 33 44 48 49 50 51]. At least one non-missing value is needed for imputation with strategy='median'.
  warnings.warn(
/Users/skandamp/Desktop/Eidolon Sentinel-NET/.venv/lib/python3.12/site-packages/sklearn/impute/_base.py:647: UserWarning: Skipping features without any observed values: [15 16 17 18 23 33 44 48 49 50 51]. At least one non-missing value is needed for imputation with strategy='median'.
  warnings.warn(
Robustness directional_imbalance saved
/Users/skandamp/Desktop/Eidolon Sentinel-NET/.venv/lib/python3.12/site-packages/sklearn/impute/_base.py:647: UserWarning: Skipping features without any observed values: [15 16 17 18 23 33 44 48 49 50 51]. At least one non-missing value is needed for imputation with strategy='median'.
  warnings.warn(
/Users/skandamp/Desktop/Eidolon Sentinel-NET/.venv/lib/python3.12/site-packages/sklearn/impute/_base.py:647: UserWarning: Skipping features without any observed values: [15 16 17 18 23 33 44 48 49 50 51]. At least one non-missing value is needed for imputation with strategy='median'.
  warnings.warn(
Robustness metadata_dropout saved
Supplementary complete
